# SPDX-FileCopyrightText: 2022 Serokell <https://serokell.io>
#
# SPDX-License-Identifier: MPL-2.0

main_backend = "vault-local"

[[backend]]
type = "vault-kv"
name = "vault-local"
address = "localhost:8209"
mount = "secret"
token = "root"

[[backend]]
type = "vault-kv"
name = "second"
address = "localhost:8210"
mount = "secret"
token = "second"